// Vitest Snapshot v1, https://vitest.dev/guide/snapshot.html

exports[`reconstruct api mock E2E over a 2-file code fixture (§6-4) > threads the settings opt-in to a code seed projection: census map_present, nodes > 0, DD9 render 1`] = `
[
  {
    "authority": "non_authoritative",
    "nodes": [
      {
        "boundaries": [],
        "region": "<projectRoot>/src/alpha-service.ts:1-1",
        "summary": "mock <projectRoot>/src/alpha-service.ts:1-1 kids=0",
      },
      {
        "boundaries": [
          {
            "after": "seam-next",
            "before": "seam-prev",
            "disposition": "structural_location_only",
            "line": 2,
          },
        ],
        "region": "<projectRoot>/src/alpha-service.ts:1-21",
        "summary": "mock <projectRoot>/src/alpha-service.ts:1-21 kids=2",
      },
      {
        "boundaries": [
          {
            "after": "seam-next",
            "before": "seam-prev",
            "disposition": "structural_location_only",
            "line": 2,
          },
        ],
        "region": "<projectRoot>/src/alpha-service.ts:1-5",
        "summary": "mock <projectRoot>/src/alpha-service.ts:1-5 kids=2",
      },
      {
        "boundaries": [
          {
            "after": "seam-next",
            "before": "seam-prev",
            "disposition": "structural_location_only",
            "line": 20,
          },
          {
            "after": "next",
            "before": "prev",
            "disposition": "adversarial_confirmed",
            "line": 10,
          },
        ],
        "region": "<projectRoot>/src/alpha-service.ts:10-21",
        "summary": "mock <projectRoot>/src/alpha-service.ts:10-21 kids=0",
      },
      {
        "boundaries": [
          {
            "after": "seam-next",
            "before": "seam-prev",
            "disposition": "structural_location_only",
            "line": 3,
          },
          {
            "after": "next",
            "before": "prev",
            "disposition": "adversarial_confirmed",
            "line": 2,
          },
        ],
        "region": "<projectRoot>/src/alpha-service.ts:2-3",
        "summary": "mock <projectRoot>/src/alpha-service.ts:2-3 kids=0",
      },
      {
        "boundaries": [
          {
            "after": "seam-next",
            "before": "seam-prev",
            "disposition": "structural_location_only",
            "line": 3,
          },
          {
            "after": "next",
            "before": "prev",
            "disposition": "adversarial_confirmed",
            "line": 2,
          },
        ],
        "region": "<projectRoot>/src/alpha-service.ts:2-5",
        "summary": "mock <projectRoot>/src/alpha-service.ts:2-5 kids=2",
      },
      {
        "boundaries": [
          {
            "after": "seam-next",
            "before": "seam-prev",
            "disposition": "structural_location_only",
            "line": 5,
          },
          {
            "after": "next",
            "before": "prev",
            "disposition": "adversarial_confirmed",
            "line": 4,
          },
        ],
        "region": "<projectRoot>/src/alpha-service.ts:4-5",
        "summary": "mock <projectRoot>/src/alpha-service.ts:4-5 kids=0",
      },
      {
        "boundaries": [
          {
            "after": "seam-next",
            "before": "seam-prev",
            "disposition": "structural_location_only",
            "line": 8,
          },
          {
            "after": "next",
            "before": "prev",
            "disposition": "adversarial_confirmed",
            "line": 6,
          },
        ],
        "region": "<projectRoot>/src/alpha-service.ts:6-21",
        "summary": "mock <projectRoot>/src/alpha-service.ts:6-21 kids=2",
      },
      {
        "boundaries": [
          {
            "after": "next",
            "before": "prev",
            "disposition": "adversarial_confirmed",
            "line": 6,
          },
        ],
        "region": "<projectRoot>/src/alpha-service.ts:6-7",
        "summary": "mock <projectRoot>/src/alpha-service.ts:6-7 kids=0",
      },
    ],
    "nodes_total": 11,
    "provisional": true,
    "refuted_disclosure": [
      {
        "after": "next",
        "before": "prev",
        "line": 1,
        "region": "<projectRoot>/src/alpha-service.ts:1-1",
      },
    ],
    "refuted_disclosure_total": 3,
    "render_truncated": true,
    "unanchored_unverified_total": 3,
  },
  {
    "authority": "non_authoritative",
    "nodes": [
      {
        "boundaries": [
          {
            "after": "seam-next",
            "before": "seam-prev",
            "disposition": "structural_location_only",
            "line": 2,
          },
        ],
        "region": "<projectRoot>/src/beta-tools.ts:1-17",
        "summary": "mock <projectRoot>/src/beta-tools.ts:1-17 kids=2",
      },
      {
        "boundaries": [
          {
            "after": "seam-next",
            "before": "seam-prev",
            "disposition": "structural_location_only",
            "line": 2,
          },
        ],
        "region": "<projectRoot>/src/beta-tools.ts:1-2",
        "summary": "mock <projectRoot>/src/beta-tools.ts:1-2 kids=0",
      },
      {
        "boundaries": [
          {
            "after": "seam-next",
            "before": "seam-prev",
            "disposition": "structural_location_only",
            "line": 2,
          },
        ],
        "region": "<projectRoot>/src/beta-tools.ts:1-7",
        "summary": "mock <projectRoot>/src/beta-tools.ts:1-7 kids=2",
      },
      {
        "boundaries": [
          {
            "after": "seam-next",
            "before": "seam-prev",
            "disposition": "structural_location_only",
            "line": 5,
          },
        ],
        "region": "<projectRoot>/src/beta-tools.ts:3-7",
        "summary": "mock <projectRoot>/src/beta-tools.ts:3-7 kids=0",
      },
      {
        "boundaries": [
          {
            "after": "seam-next",
            "before": "seam-prev",
            "disposition": "structural_location_only",
            "line": 10,
          },
          {
            "after": "next",
            "before": "prev",
            "disposition": "adversarial_confirmed",
            "line": 8,
          },
        ],
        "region": "<projectRoot>/src/beta-tools.ts:8-17",
        "summary": "mock <projectRoot>/src/beta-tools.ts:8-17 kids=0",
      },
    ],
    "nodes_total": 5,
    "provisional": true,
    "refuted_disclosure": [
      {
        "after": "next",
        "before": "prev",
        "line": 1,
        "region": "<projectRoot>/src/beta-tools.ts:1-17",
      },
      {
        "after": "next",
        "before": "prev",
        "line": 1,
        "region": "<projectRoot>/src/beta-tools.ts:1-2",
      },
      {
        "after": "next",
        "before": "prev",
        "line": 1,
        "region": "<projectRoot>/src/beta-tools.ts:1-7",
      },
      {
        "after": "next",
        "before": "prev",
        "line": 3,
        "region": "<projectRoot>/src/beta-tools.ts:3-7",
      },
    ],
    "refuted_disclosure_total": 4,
    "render_truncated": false,
    "unanchored_unverified_total": 4,
  },
]
`;
